Component: ARM Compiler 5.05 update 1 (build 106) Tool: armlink [4d0efa]

==============================================================================

Section Cross References

    main.o(.text) refers to timer_count.o(.text) for Timer_Init
    main.o(.text) refers to systick.o(.text) for SysTick_Init
    main.o(.text) refers to gpio.o(.text) for GPIO_Config
    main.o(.text) refers to lcd.o(.text) for LCD_Init
    main.o(.text) refers to oled.o(.text) for OLED_Init
    main.o(.text) refers to 24l01.o(.text) for NRF24L01_Init
    main.o(.text) refers to sys.o(.text) for IWDG_Init
    main.o(.text) refers to main.o(.data) for date
    usart1.o(.text) refers to misc.o(.text) for NVIC_PriorityGroupConfig
    usart1.o(.text) refers to stm32f10x_rcc.o(.text) for RCC_APB2PeriphClockCmd
    usart1.o(.text) refers to stm32f10x_gpio.o(.text) for GPIO_Init
    usart1.o(.text) refers to stm32f10x_usart.o(.text) for USART_Init
    systick.o(.text) refers to system_stm32f10x.o(.data) for SystemCoreClock
    systick.o(.text) refers to systick.o(.data) for TimingDelay
    stm32f10x_it.o(.text) refers to systick.o(.text) for TimingDelay_Decrement
    stm32f10x_it.o(.text) refers to stm32f10x_tim.o(.text) for TIM_GetITStatus
    stm32f10x_it.o(.text) refers to gpio.o(.text) for Servo1
    stm32f10x_it.o(.text) refers to stm32f10x_usart.o(.text) for USART_GetITStatus
    stm32f10x_it.o(.text) refers to stm32f10x_it.o(.data) for ms
    stm32f10x_it.o(.text) refers to main.o(.data) for date
    timer_count.o(.text) refers to misc.o(.text) for NVIC_PriorityGroupConfig
    timer_count.o(.text) refers to stm32f10x_rcc.o(.text) for RCC_APB1PeriphClockCmd
    timer_count.o(.text) refers to stm32f10x_tim.o(.text) for TIM_DeInit
    adc.o(.text) refers to stm32f10x_rcc.o(.text) for RCC_AHBPeriphClockCmd
    adc.o(.text) refers to stm32f10x_gpio.o(.text) for GPIO_Init
    adc.o(.text) refers to stm32f10x_dma.o(.text) for DMA_DeInit
    adc.o(.text) refers to stm32f10x_adc.o(.text) for ADC_Init
    adc.o(.text) refers to adc.o(.data) for ADC_ConvertedValue
    gpio.o(.text) refers to stm32f10x_rcc.o(.text) for RCC_APB2PeriphClockCmd
    gpio.o(.text) refers to stm32f10x_gpio.o(.text) for GPIO_Init
    gpio.o(.text) refers to systick.o(.text) for Delay_ms
    gpio.o(.text) refers to gpio.o(.data) for PWM
    gpio.o(.text) refers to main.o(.data) for date
    gpio.o(.text) refers to gpio.o(.bss) for sdate
    ultrasonic.o(.text) refers to stm32f10x_rcc.o(.text) for RCC_APB2PeriphClockCmd
    ultrasonic.o(.text) refers to stm32f10x_gpio.o(.text) for GPIO_Init
    ultrasonic.o(.text) refers to dfltui.o(.text) for __aeabi_ui2d
    ultrasonic.o(.text) refers to dmul.o(.text) for __aeabi_dmul
    ultrasonic.o(.text) refers to ddiv.o(.text) for __aeabi_ddiv
    ultrasonic.o(.text) refers to d2f.o(.text) for __aeabi_d2f
    ultrasonic.o(.text) refers to cfrcmple.o(.text) for __aeabi_cfrcmple
    ultrasonic.o(.text) refers to systick.o(.text) for Delay_us
    ultrasonic.o(.text) refers to stm32f10x_tim.o(.text) for TIM_Cmd
    ultrasonic.o(.text) refers to ultrasonic.o(.data) for distance_value
    24l01.o(.text) refers to stm32f10x_rcc.o(.text) for RCC_APB2PeriphClockCmd
    24l01.o(.text) refers to stm32f10x_gpio.o(.text) for GPIO_PinRemapConfig
    24l01.o(.text) refers to spi.o(.text) for SPI2_Init
    24l01.o(.text) refers to stm32f10x_spi.o(.text) for SPI_Cmd
    24l01.o(.text) refers to 24l01.o(.constdata) for RX_ADDRESS
    lcd.o(.text) refers to systick.o(.text) for Delay_us
    lcd.o(.text) refers to lcd.o(.bss) for lcddev
    lcd.o(.text) refers to lcd.o(.data) for POINT_COLOR
    lcd.o(.text) refers to stm32f10x_rcc.o(.text) for RCC_AHBPeriphClockCmd
    lcd.o(.text) refers to stm32f10x_gpio.o(.text) for GPIO_Init
    lcd.o(.text) refers to stm32f10x_fsmc.o(.text) for FSMC_NORSRAMInit
    lcd.o(.text) refers to lcd.o(.constdata) for asc2_1206
    oled.o(.text) refers to stm32f10x_gpio.o(.text) for GPIO_SetBits
    oled.o(.text) refers to stm32f10x_rcc.o(.text) for RCC_APB2PeriphClockCmd
    oled.o(.text) refers to systick.o(.text) for Delay_ms
    oled.o(.text) refers to oled.o(.constdata) for F6x8
    spi.o(.text) refers to stm32f10x_spi.o(.text) for SPI_I2S_GetFlagStatus
    spi.o(.text) refers to stm32f10x_rcc.o(.text) for RCC_APB2PeriphClockCmd
    spi.o(.text) refers to stm32f10x_gpio.o(.text) for GPIO_Init
    sys.o(.text) refers to stm32f10x_iwdg.o(.text) for IWDG_WriteAccessCmd
    startup_stm32f10x_hd.o(RESET) refers to startup_stm32f10x_hd.o(STACK) for __initial_sp
    startup_stm32f10x_hd.o(RESET) refers to startup_stm32f10x_hd.o(.text) for Reset_Handler
    startup_stm32f10x_hd.o(RESET) refers to stm32f10x_it.o(.text) for NMI_Handler
    startup_stm32f10x_hd.o(.text) refers to system_stm32f10x.o(.text) for SystemInit
    startup_stm32f10x_hd.o(.text) refers to entry.o(.ARM.Collect$$$$00000000) for __main
    stm32f10x_gpio.o(.text) refers to stm32f10x_rcc.o(.text) for RCC_APB2PeriphResetCmd
    stm32f10x_rcc.o(.text) refers to stm32f10x_rcc.o(.data) for APBAHBPrescTable
    stm32f10x_usart.o(.text) refers to stm32f10x_rcc.o(.text) for RCC_APB2PeriphResetCmd
    stm32f10x_tim.o(.text) refers to stm32f10x_rcc.o(.text) for RCC_APB2PeriphResetCmd
    stm32f10x_adc.o(.text) refers to stm32f10x_rcc.o(.text) for RCC_APB2PeriphResetCmd
    stm32f10x_spi.o(.text) refers to stm32f10x_rcc.o(.text) for RCC_APB2PeriphResetCmd
    system_stm32f10x.o(.text) refers to system_stm32f10x.o(.data) for SystemCoreClock
    entry.o(.ARM.Collect$$$$00000000) refers (Special) to entry10a.o(.ARM.Collect$$$$0000000D) for __rt_final_cpp
    entry.o(.ARM.Collect$$$$00000000) refers (Special) to entry11a.o(.ARM.Collect$$$$0000000F) for __rt_final_exit
    entry.o(.ARM.Collect$$$$00000000) refers (Special) to entry7b.o(.ARM.Collect$$$$00000008) for _main_clock
    entry.o(.ARM.Collect$$$$00000000) refers (Special) to entry8b.o(.ARM.Collect$$$$0000000A) for _main_cpp_init
    entry.o(.ARM.Collect$$$$00000000) refers (Special) to entry9a.o(.ARM.Collect$$$$0000000B) for _main_init
    entry.o(.ARM.Collect$$$$00000000) refers (Special) to entry5.o(.ARM.Collect$$$$00000004) for _main_scatterload
    entry.o(.ARM.Collect$$$$00000000) refers (Special) to entry2.o(.ARM.Collect$$$$00000001) for _main_stk
    dmul.o(.text) refers (Special) to iusefp.o(.text) for __I$use$fp
    dmul.o(.text) refers to depilogue.o(.text) for _double_epilogue
    ddiv.o(.text) refers (Special) to iusefp.o(.text) for __I$use$fp
    ddiv.o(.text) refers to depilogue.o(.text) for _double_round
    dfltui.o(.text) refers (Special) to iusefp.o(.text) for __I$use$fp
    dfltui.o(.text) refers to depilogue.o(.text) for _double_epilogue
    d2f.o(.text) refers (Special) to iusefp.o(.text) for __I$use$fp
    d2f.o(.text) refers to fepilogue.o(.text) for _float_round
    cfrcmple.o(.text) refers (Special) to iusefp.o(.text) for __I$use$fp
    entry2.o(.ARM.Collect$$$$00000001) refers to entry2.o(.ARM.Collect$$$$00002712) for __lit__00000000
    entry2.o(.ARM.Collect$$$$00002712) refers to startup_stm32f10x_hd.o(STACK) for __initial_sp
    entry2.o(__vectab_stack_and_reset_area) refers to startup_stm32f10x_hd.o(STACK) for __initial_sp
    entry2.o(__vectab_stack_and_reset_area) refers to entry.o(.ARM.Collect$$$$00000000) for __main
    entry5.o(.ARM.Collect$$$$00000004) refers to init.o(.text) for __scatterload
    entry9a.o(.ARM.Collect$$$$0000000B) refers to main.o(.text) for main
    entry9b.o(.ARM.Collect$$$$0000000C) refers to main.o(.text) for main
    depilogue.o(.text) refers to llshl.o(.text) for __aeabi_llsl
    depilogue.o(.text) refers to llushr.o(.text) for __aeabi_llsr
    init.o(.text) refers to entry5.o(.ARM.Collect$$$$00000004) for __main_after_scatterload


==============================================================================

Removing Unused input sections from the image.

    Removing usart1.o(.text), (700 bytes).
    Removing adc.o(.text), (280 bytes).
    Removing adc.o(.data), (2 bytes).
    Removing ultrasonic.o(.text), (252 bytes).
    Removing ultrasonic.o(.data), (4 bytes).
    Removing startup_stm32f10x_hd.o(HEAP), (512 bytes).
    Removing stm32f10x_adc.o(.text), (1102 bytes).
    Removing stm32f10x_dma.o(.text), (596 bytes).
    Removing core_cm3.o(.emb_text), (32 bytes).
    Removing dmul.o(.text), (228 bytes).
    Removing ddiv.o(.text), (222 bytes).
    Removing dfltui.o(.text), (26 bytes).
    Removing d2f.o(.text), (56 bytes).
    Removing cfrcmple.o(.text), (20 bytes).
    Removing fepilogue.o(.text), (110 bytes).
    Removing depilogue.o(.text), (186 bytes).

16 unused section(s) (total 4328 bytes) removed from the image.

==============================================================================

Image Symbol Table

    Local Symbols

    Symbol Name                              Value     Ov Type        Size  Object(Section)

    ../clib/../cmprslib/zerorunl2.c          0x00000000   Number         0  __dczerorl2.o ABSOLUTE
    ../clib/microlib/init/entry.s            0x00000000   Number         0  entry11a.o ABSOLUTE
    ../clib/microlib/init/entry.s            0x00000000   Number         0  entry.o ABSOLUTE
    ../clib/microlib/init/entry.s            0x00000000   Number         0  entry9b.o ABSOLUTE
    ../clib/microlib/init/entry.s            0x00000000   Number         0  entry2.o ABSOLUTE
    ../clib/microlib/init/entry.s            0x00000000   Number         0  entry5.o ABSOLUTE
    ../clib/microlib/init/entry.s            0x00000000   Number         0  entry7a.o ABSOLUTE
    ../clib/microlib/init/entry.s            0x00000000   Number         0  entry7b.o ABSOLUTE
    ../clib/microlib/init/entry.s            0x00000000   Number         0  entry8a.o ABSOLUTE
    ../clib/microlib/init/entry.s            0x00000000   Number         0  entry8b.o ABSOLUTE
    ../clib/microlib/init/entry.s            0x00000000   Number         0  entry9a.o ABSOLUTE
    ../clib/microlib/init/entry.s            0x00000000   Number         0  entry10a.o ABSOLUTE
    ../clib/microlib/init/entry.s            0x00000000   Number         0  entry11b.o ABSOLUTE
    ../clib/microlib/init/entry.s            0x00000000   Number         0  entry10b.o ABSOLUTE
    ../clib/microlib/longlong.c              0x00000000   Number         0  llushr.o ABSOLUTE
    ../clib/microlib/longlong.c              0x00000000   Number         0  llshl.o ABSOLUTE
    ../clib/microlib/stubs.s                 0x00000000   Number         0  iusefp.o ABSOLUTE
    ../fplib/microlib/d2f.c                  0x00000000   Number         0  d2f.o ABSOLUTE
    ../fplib/microlib/fpdiv.c                0x00000000   Number         0  ddiv.o ABSOLUTE
    ../fplib/microlib/fpepilogue.c           0x00000000   Number         0  depilogue.o ABSOLUTE
    ../fplib/microlib/fpepilogue.c           0x00000000   Number         0  fepilogue.o ABSOLUTE
    ../fplib/microlib/fpflt.c                0x00000000   Number         0  dfltui.o ABSOLUTE
    ../fplib/microlib/fpmul.c                0x00000000   Number         0  dmul.o ABSOLUTE
    ..\CMSIS\core_cm3.c                      0x00000000   Number         0  core_cm3.o ABSOLUTE
    ..\CMSIS\startup_stm32f10x_hd.s          0x00000000   Number         0  startup_stm32f10x_hd.o ABSOLUTE
    ..\CMSIS\system_stm32f10x.c              0x00000000   Number         0  system_stm32f10x.o ABSOLUTE
    ..\FWlib\src\misc.c                      0x00000000   Number         0  misc.o ABSOLUTE
    ..\FWlib\src\stm32f10x_adc.c             0x00000000   Number         0  stm32f10x_adc.o ABSOLUTE
    ..\FWlib\src\stm32f10x_dma.c             0x00000000   Number         0  stm32f10x_dma.o ABSOLUTE
    ..\FWlib\src\stm32f10x_fsmc.c            0x00000000   Number         0  stm32f10x_fsmc.o ABSOLUTE
    ..\FWlib\src\stm32f10x_gpio.c            0x00000000   Number         0  stm32f10x_gpio.o ABSOLUTE
    ..\FWlib\src\stm32f10x_iwdg.c            0x00000000   Number         0  stm32f10x_iwdg.o ABSOLUTE
    ..\FWlib\src\stm32f10x_rcc.c             0x00000000   Number         0  stm32f10x_rcc.o ABSOLUTE
    ..\FWlib\src\stm32f10x_spi.c             0x00000000   Number         0  stm32f10x_spi.o ABSOLUTE
    ..\FWlib\src\stm32f10x_tim.c             0x00000000   Number         0  stm32f10x_tim.o ABSOLUTE
    ..\FWlib\src\stm32f10x_usart.c           0x00000000   Number         0  stm32f10x_usart.o ABSOLUTE
    ..\\CMSIS\\core_cm3.c                    0x00000000   Number         0  core_cm3.o ABSOLUTE
    24l01.c                                  0x00000000   Number         0  24l01.o ABSOLUTE
    OLED.c                                   0x00000000   Number         0  oled.o ABSOLUTE
    SysTick.c                                0x00000000   Number         0  systick.o ABSOLUTE
    adc.c                                    0x00000000   Number         0  adc.o ABSOLUTE
    cfrcmple.s                               0x00000000   Number         0  cfrcmple.o ABSOLUTE
    dc.s                                     0x00000000   Number         0  dc.o ABSOLUTE
    gpio.c                                   0x00000000   Number         0  gpio.o ABSOLUTE
    handlers.s                               0x00000000   Number         0  handlers.o ABSOLUTE
    init.s                                   0x00000000   Number         0  init.o ABSOLUTE
    lcd.c                                    0x00000000   Number         0  lcd.o ABSOLUTE
    main.c                                   0x00000000   Number         0  main.o ABSOLUTE
    spi.c                                    0x00000000   Number         0  spi.o ABSOLUTE
    stm32f10x_it.c                           0x00000000   Number         0  stm32f10x_it.o ABSOLUTE
    sys.c                                    0x00000000   Number         0  sys.o ABSOLUTE
    timer_count.c                            0x00000000   Number         0  timer_count.o ABSOLUTE
    ultrasonic.c                             0x00000000   Number         0  ultrasonic.o ABSOLUTE
    usart1.c                                 0x00000000   Number         0  usart1.o ABSOLUTE
    RESET                                    0x08000000   Section      304  startup_stm32f10x_hd.o(RESET)
    .ARM.Collect$$$$00000000                 0x08000130   Section        0  entry.o(.ARM.Collect$$$$00000000)
    .ARM.Collect$$$$00000001                 0x08000130   Section        4  entry2.o(.ARM.Collect$$$$00000001)
    .ARM.Collect$$$$00000004                 0x08000134   Section        4  entry5.o(.ARM.Collect$$$$00000004)
    .ARM.Collect$$$$00000008                 0x08000138   Section        0  entry7b.o(.ARM.Collect$$$$00000008)
    .ARM.Collect$$$$0000000A                 0x08000138   Section        0  entry8b.o(.ARM.Collect$$$$0000000A)
    .ARM.Collect$$$$0000000B                 0x08000138   Section        8  entry9a.o(.ARM.Collect$$$$0000000B)
    .ARM.Collect$$$$0000000D                 0x08000140   Section        0  entry10a.o(.ARM.Collect$$$$0000000D)
    .ARM.Collect$$$$0000000F                 0x08000140   Section        0  entry11a.o(.ARM.Collect$$$$0000000F)
    .ARM.Collect$$$$00002712                 0x08000140   Section        4  entry2.o(.ARM.Collect$$$$00002712)
    __lit__00000000                          0x08000140   Data           4  entry2.o(.ARM.Collect$$$$00002712)
    .text                                    0x08000144   Section        0  main.o(.text)
    .text                                    0x08000314   Section        0  systick.o(.text)
    .text                                    0x0800040c   Section        0  stm32f10x_it.o(.text)
    .text                                    0x080004f4   Section        0  timer_count.o(.text)
    .text                                    0x0800073c   Section        0  gpio.o(.text)
    .text                                    0x08002f14   Section        0  24l01.o(.text)
    .text                                    0x08003248   Section        0  lcd.o(.text)
    .text                                    0x08007a50   Section        0  oled.o(.text)
    .text                                    0x080081ec   Section        0  spi.o(.text)
    .text                                    0x080082f4   Section        0  sys.o(.text)
    .text                                    0x08008320   Section       36  startup_stm32f10x_hd.o(.text)
    .text                                    0x08008344   Section        0  stm32f10x_gpio.o(.text)
    .text                                    0x080086a0   Section        0  stm32f10x_rcc.o(.text)
    .text                                    0x08008a44   Section        0  stm32f10x_usart.o(.text)
    .text                                    0x08008e4c   Section        0  misc.o(.text)
    .text                                    0x08008f28   Section        0  stm32f10x_tim.o(.text)
    TI4_Config                               0x080093cf   Thumb Code   130  stm32f10x_tim.o(.text)
    TI3_Config                               0x08009463   Thumb Code   122  stm32f10x_tim.o(.text)
    TI2_Config                               0x080094f7   Thumb Code   130  stm32f10x_tim.o(.text)
    TI1_Config                               0x0800958b   Thumb Code   108  stm32f10x_tim.o(.text)
    .text                                    0x08009d44   Section        0  stm32f10x_fsmc.o(.text)
    .text                                    0x0800a350   Section        0  stm32f10x_spi.o(.text)
    .text                                    0x0800a65c   Section        0  stm32f10x_iwdg.o(.text)
    .text                                    0x0800a69c   Section        0  system_stm32f10x.o(.text)
    SetSysClockTo72                          0x0800a69d   Thumb Code   214  system_stm32f10x.o(.text)
    SetSysClock                              0x0800a773   Thumb Code     8  system_stm32f10x.o(.text)
    .text                                    0x0800a87c   Section       36  init.o(.text)
    .text                                    0x0800a8a0   Section        0  __dczerorl2.o(.text)
    i.__scatterload_copy                     0x0800a8f6   Section       14  handlers.o(i.__scatterload_copy)
    i.__scatterload_null                     0x0800a904   Section        2  handlers.o(i.__scatterload_null)
    i.__scatterload_zeroinit                 0x0800a906   Section       14  handlers.o(i.__scatterload_zeroinit)
    .constdata                               0x0800a914   Section       10  24l01.o(.constdata)
    .constdata                               0x0800a91e   Section     2660  lcd.o(.constdata)
    .constdata                               0x0800b382   Section     4331  oled.o(.constdata)
    .data                                    0x20000000   Section        3  main.o(.data)
    .data                                    0x20000004   Section        8  systick.o(.data)
    TimingDelay                              0x20000008   Data           4  systick.o(.data)
    .data                                    0x2000000c   Section       12  stm32f10x_it.o(.data)
    .data                                    0x20000018   Section      380  gpio.o(.data)
    .data                                    0x20000194   Section        4  lcd.o(.data)
    .data                                    0x20000198   Section       20  stm32f10x_rcc.o(.data)
    APBAHBPrescTable                         0x20000198   Data          16  stm32f10x_rcc.o(.data)
    ADCPrescTable                            0x200001a8   Data           4  stm32f10x_rcc.o(.data)
    .data                                    0x200001ac   Section       20  system_stm32f10x.o(.data)
    .bss                                     0x200001c0   Section       96  gpio.o(.bss)
    .bss                                     0x20000220   Section       14  lcd.o(.bss)
    STACK                                    0x20000230   Section     1024  startup_stm32f10x_hd.o(STACK)

    Global Symbols

    Symbol Name                              Value     Ov Type        Size  Object(Section)

    BuildAttributes$$THM_ISAv4$P$D$K$B$S$PE$A:L22UL41UL21$X:L11$S22US41US21$IEEE1$IW$USESV6$~STKCKD$USESV7$~SHL$OTIME$ROPI$EBA8$MICROLIB$REQ8$PRES8$EABIv2 0x00000000   Number         0  anon$$obj.o ABSOLUTE
    __ARM_use_no_argv                        0x00000000   Number         0  main.o ABSOLUTE
    __cpp_initialize__aeabi_                  - Undefined Weak Reference
    __cxa_finalize                            - Undefined Weak Reference
    _clock_init                               - Undefined Weak Reference
    _microlib_exit                            - Undefined Weak Reference
    __Vectors_Size                           0x00000130   Number         0  startup_stm32f10x_hd.o ABSOLUTE
    __Vectors                                0x08000000   Data           4  startup_stm32f10x_hd.o(RESET)
    __Vectors_End                            0x08000130   Data           0  startup_stm32f10x_hd.o(RESET)
    __main                                   0x08000131   Thumb Code     0  entry.o(.ARM.Collect$$$$00000000)
    _main_stk                                0x08000131   Thumb Code     0  entry2.o(.ARM.Collect$$$$00000001)
    _main_scatterload                        0x08000135   Thumb Code     0  entry5.o(.ARM.Collect$$$$00000004)
    __main_after_scatterload                 0x08000139   Thumb Code     0  entry5.o(.ARM.Collect$$$$00000004)
    _main_clock                              0x08000139   Thumb Code     0  entry7b.o(.ARM.Collect$$$$00000008)
    _main_cpp_init                           0x08000139   Thumb Code     0  entry8b.o(.ARM.Collect$$$$0000000A)
    _main_init                               0x08000139   Thumb Code     0  entry9a.o(.ARM.Collect$$$$0000000B)
    __rt_final_cpp                           0x08000141   Thumb Code     0  entry10a.o(.ARM.Collect$$$$0000000D)
    __rt_final_exit                          0x08000141   Thumb Code     0  entry11a.o(.ARM.Collect$$$$0000000F)
    main                                     0x08000145   Thumb Code   336  main.o(.text)
    SysTick_Init                             0x08000315   Thumb Code   106  systick.o(.text)
    Delay_us                                 0x0800037f   Thumb Code    48  systick.o(.text)
    Delay_ms                                 0x080003af   Thumb Code    54  systick.o(.text)
    TimingDelay_Decrement                    0x080003e5   Thumb Code    18  systick.o(.text)
    NMI_Handler                              0x0800040d   Thumb Code     2  stm32f10x_it.o(.text)
    HardFault_Handler                        0x0800040f   Thumb Code     4  stm32f10x_it.o(.text)
    MemManage_Handler                        0x08000413   Thumb Code     4  stm32f10x_it.o(.text)
    BusFault_Handler                         0x08000417   Thumb Code     4  stm32f10x_it.o(.text)
    UsageFault_Handler                       0x0800041b   Thumb Code     4  stm32f10x_it.o(.text)
    SVC_Handler                              0x0800041f   Thumb Code     2  stm32f10x_it.o(.text)
    DebugMon_Handler                         0x08000421   Thumb Code     2  stm32f10x_it.o(.text)
    PendSV_Handler                           0x08000423   Thumb Code     2  stm32f10x_it.o(.text)
    SysTick_Handler                          0x08000425   Thumb Code     8  stm32f10x_it.o(.text)
    TIM2_IRQHandler                          0x0800042d   Thumb Code    26  stm32f10x_it.o(.text)
    TIM3_IRQHandler                          0x08000447   Thumb Code    26  stm32f10x_it.o(.text)
    TIM4_IRQHandler                          0x08000461   Thumb Code    26  stm32f10x_it.o(.text)
    TIM5_IRQHandler                          0x0800047b   Thumb Code    32  stm32f10x_it.o(.text)
    USART1_IRQHandler                        0x0800049b   Thumb Code    60  stm32f10x_it.o(.text)
    TIM2_NVIC_Configuration                  0x080004f5   Thumb Code    40  timer_count.o(.text)
    TIM3_NVIC_Configuration                  0x0800051d   Thumb Code    42  timer_count.o(.text)
    TIM4_NVIC_Configuration                  0x08000547   Thumb Code    42  timer_count.o(.text)
    TIM5_NVIC_Configuration                  0x08000571   Thumb Code    42  timer_count.o(.text)
    TIM2_Configuration                       0x0800059b   Thumb Code    82  timer_count.o(.text)
    TIM3_Configuration                       0x080005ed   Thumb Code    76  timer_count.o(.text)
    TIM4_Configuration                       0x08000639   Thumb Code    76  timer_count.o(.text)
    TIM5_Configuration                       0x08000685   Thumb Code    78  timer_count.o(.text)
    Timer_Init                               0x080006d3   Thumb Code    36  timer_count.o(.text)
    Timer_ON                                 0x080006f7   Thumb Code    28  timer_count.o(.text)
    Timer_OFF                                0x08000713   Thumb Code    30  timer_count.o(.text)
    GPIO_Config                              0x0800073d   Thumb Code   134  gpio.o(.text)
    alert1                                   0x080007c3   Thumb Code    86  gpio.o(.text)
    First_Leg                                0x08000819   Thumb Code    10  gpio.o(.text)
    Second_Leg                               0x08000823   Thumb Code    10  gpio.o(.text)
    Third_Leg                                0x0800082d   Thumb Code    10  gpio.o(.text)
    Fourth_Leg                               0x08000837   Thumb Code    10  gpio.o(.text)
    Fifth_Leg                                0x08000841   Thumb Code    10  gpio.o(.text)
    Sixth_Leg                                0x0800084b   Thumb Code    10  gpio.o(.text)
    Stand                                    0x08000855   Thumb Code   102  gpio.o(.text)
    Right_Tynanize                           0x080008bb   Thumb Code  2190  gpio.o(.text)
    Left_Tynanize                            0x08001149   Thumb Code  2146  gpio.o(.text)
    Turn_Right                               0x080019ab   Thumb Code   496  gpio.o(.text)
    Turn_Left                                0x08001b9b   Thumb Code   486  gpio.o(.text)
    Draw_Back                                0x08001d81   Thumb Code   448  gpio.o(.text)
    Forward                                  0x08001f41   Thumb Code   538  gpio.o(.text)
    Control_Action                           0x0800215b   Thumb Code   112  gpio.o(.text)
    Update                                   0x080021cb   Thumb Code   196  gpio.o(.text)
    Decode_One                               0x0800228f   Thumb Code   346  gpio.o(.text)
    Decode_Two                               0x080023e9   Thumb Code   282  gpio.o(.text)
    Decode_Three                             0x08002503   Thumb Code   282  gpio.o(.text)
    Date_Calculate_One                       0x0800261d   Thumb Code   276  gpio.o(.text)
    Date_Calculate_Two                       0x08002731   Thumb Code   310  gpio.o(.text)
    Date_Calculate_Three                     0x08002867   Thumb Code   276  gpio.o(.text)
    Flip_GPIO_One                            0x0800297b   Thumb Code   394  gpio.o(.text)
    Flip_GPIO_Two                            0x08002b05   Thumb Code   416  gpio.o(.text)
    Flip_GPIO_Three                          0x08002ca5   Thumb Code   410  gpio.o(.text)
    Servo1                                   0x08002e3f   Thumb Code    58  gpio.o(.text)
    Servo2                                   0x08002e79   Thumb Code    58  gpio.o(.text)
    Servo3                                   0x08002eb3   Thumb Code    58  gpio.o(.text)
    NRF24L01_Init                            0x08002f15   Thumb Code   196  24l01.o(.text)
    NRF24L01_Read_Buf                        0x08002fd9   Thumb Code    60  24l01.o(.text)
    NRF24L01_Write_Buf                       0x08003015   Thumb Code    60  24l01.o(.text)
    NRF24L01_Check                           0x08003051   Thumb Code    72  24l01.o(.text)
    NRF24L01_Write_Reg                       0x08003099   Thumb Code    40  24l01.o(.text)
    NRF24L01_Read_Reg                        0x080030c1   Thumb Code    38  24l01.o(.text)
    NRF24L01_TxPacket                        0x080030e7   Thumb Code    94  24l01.o(.text)
    NRF24L01_RxPacket                        0x08003145   Thumb Code    58  24l01.o(.text)
    NRF24L01_RX_Mode                         0x0800317f   Thumb Code    76  24l01.o(.text)
    NRF24L01_TX_Mode                         0x080031cb   Thumb Code    86  24l01.o(.text)
    LCD_WR_REG                               0x08003249   Thumb Code     6  lcd.o(.text)
    LCD_WR_DATA                              0x0800324f   Thumb Code     8  lcd.o(.text)
    LCD_RD_DATA                              0x08003257   Thumb Code     8  lcd.o(.text)
    LCD_WriteReg                             0x0800325f   Thumb Code    10  lcd.o(.text)
    LCD_ReadReg                              0x08003269   Thumb Code    22  lcd.o(.text)
    LCD_WriteRAM_Prepare                     0x0800327f   Thumb Code    10  lcd.o(.text)
    LCD_WriteRAM                             0x08003289   Thumb Code     8  lcd.o(.text)
    LCD_BGR2RGB                              0x08003291   Thumb Code    26  lcd.o(.text)
    opt_delay                                0x080032ab   Thumb Code    14  lcd.o(.text)
    LCD_SetCursor                            0x080032b9   Thumb Code   262  lcd.o(.text)
    LCD_ReadPoint                            0x080033bf   Thumb Code   358  lcd.o(.text)
    LCD_DisplayOn                            0x08003525   Thumb Code    80  lcd.o(.text)
    LCD_DisplayOff                           0x08003575   Thumb Code    78  lcd.o(.text)
    LCD_Scan_Dir                             0x080035c3   Thumb Code   718  lcd.o(.text)
    LCD_DrawPoint                            0x08003891   Thumb Code    28  lcd.o(.text)
    LCD_Fast_DrawPoint                       0x080038ad   Thumb Code   278  lcd.o(.text)
    LCD_Display_Dir                          0x080039c3   Thumb Code   432  lcd.o(.text)
    LCD_Set_Window                           0x08003b73   Thumb Code   422  lcd.o(.text)
    LCD_Clear                                0x08003d19   Thumb Code   100  lcd.o(.text)
    LCD_Init                                 0x08003d7d   Thumb Code 14074  lcd.o(.text)
    LCD_Fill                                 0x08007477   Thumb Code   178  lcd.o(.text)
    LCD_Color_Fill                           0x08007529   Thumb Code   100  lcd.o(.text)
    LCD_DrawLine                             0x0800758d   Thumb Code   176  lcd.o(.text)
    LCD_DrawRectangle                        0x0800763d   Thumb Code    60  lcd.o(.text)
    Draw_Circle                              0x08007679   Thumb Code   152  lcd.o(.text)
    LCD_ShowChar                             0x08007711   Thumb Code   340  lcd.o(.text)
    LCD_Pow                                  0x08007865   Thumb Code    22  lcd.o(.text)
    LCD_ShowNum                              0x0800787b   Thumb Code   148  lcd.o(.text)
    LCD_ShowxNum                             0x0800790f   Thumb Code   218  lcd.o(.text)
    LCD_ShowString                           0x080079e9   Thumb Code   102  lcd.o(.text)
    OLED_WrDat                               0x08007a51   Thumb Code    80  oled.o(.text)
    OLED_WrCmd                               0x08007aa1   Thumb Code    80  oled.o(.text)
    OLED_SetPos                              0x08007af1   Thumb Code    40  oled.o(.text)
    OLED_Fill                                0x08007b19   Thumb Code    58  oled.o(.text)
    OLED_CLS                                 0x08007b53   Thumb Code    10  oled.o(.text)
    OLED_Init                                0x08007b5d   Thumb Code   256  oled.o(.text)
    OLED_6x8Str                              0x08007c5d   Thumb Code    96  oled.o(.text)
    OLED_8x16Str                             0x08007cbd   Thumb Code   130  oled.o(.text)
    OLED_P14x16Str                           0x08007d3f   Thumb Code   270  oled.o(.text)
    OLED_16x16CN                             0x08007e4d   Thumb Code    80  oled.o(.text)
    OLED_BMP                                 0x08007e9d   Thumb Code   116  oled.o(.text)
    OLED_Print                               0x08007f11   Thumb Code   100  oled.o(.text)
    OLED_var                                 0x08007f75   Thumb Code   150  oled.o(.text)
    OLED_8x16var                             0x0800800b   Thumb Code   160  oled.o(.text)
    OLED_var1                                0x080080ab   Thumb Code   150  oled.o(.text)
    OLED_6x8var                              0x08008141   Thumb Code   126  oled.o(.text)
    SPI2_ReadWriteByte                       0x080081ed   Thumb Code    78  spi.o(.text)
    SPI2_Init                                0x0800823b   Thumb Code   140  spi.o(.text)
    SPI2_SetSpeed                            0x080082c7   Thumb Code    36  spi.o(.text)
    IWDG_Init                                0x080082f5   Thumb Code    36  sys.o(.text)
    IWDG_Feed                                0x08008319   Thumb Code     8  sys.o(.text)
    Reset_Handler                            0x08008321   Thumb Code     8  startup_stm32f10x_hd.o(.text)
    ADC1_2_IRQHandler                        0x0800833b   Thumb Code     0  startup_stm32f10x_hd.o(.text)
    ADC3_IRQHandler                          0x0800833b   Thumb Code     0  startup_stm32f10x_hd.o(.text)
    CAN1_RX1_IRQHandler                      0x0800833b   Thumb Code     0  startup_stm32f10x_hd.o(.text)
    CAN1_SCE_IRQHandler                      0x0800833b   Thumb Code     0  startup_stm32f10x_hd.o(.text)
    DMA1_Channel1_IRQHandler                 0x0800833b   Thumb Code     0  startup_stm32f10x_hd.o(.text)
    DMA1_Channel2_IRQHandler                 0x0800833b   Thumb Code     0  startup_stm32f10x_hd.o(.text)
    DMA1_Channel3_IRQHandler                 0x0800833b   Thumb Code     0  startup_stm32f10x_hd.o(.text)
    DMA1_Channel4_IRQHandler                 0x0800833b   Thumb Code     0  startup_stm32f10x_hd.o(.text)
    DMA1_Channel5_IRQHandler                 0x0800833b   Thumb Code     0  startup_stm32f10x_hd.o(.text)
    DMA1_Channel6_IRQHandler                 0x0800833b   Thumb Code     0  startup_stm32f10x_hd.o(.text)
    DMA1_Channel7_IRQHandler                 0x0800833b   Thumb Code     0  startup_stm32f10x_hd.o(.text)
    DMA2_Channel1_IRQHandler                 0x0800833b   Thumb Code     0  startup_stm32f10x_hd.o(.text)
    DMA2_Channel2_IRQHandler                 0x0800833b   Thumb Code     0  startup_stm32f10x_hd.o(.text)
    DMA2_Channel3_IRQHandler                 0x0800833b   Thumb Code     0  startup_stm32f10x_hd.o(.text)
    DMA2_Channel4_5_IRQHandler               0x0800833b   Thumb Code     0  startup_stm32f10x_hd.o(.text)
    EXTI0_IRQHandler                         0x0800833b   Thumb Code     0  startup_stm32f10x_hd.o(.text)
    EXTI15_10_IRQHandler                     0x0800833b   Thumb Code     0  startup_stm32f10x_hd.o(.text)
    EXTI1_IRQHandler                         0x0800833b   Thumb Code     0  startup_stm32f10x_hd.o(.text)
    EXTI2_IRQHandler                         0x0800833b   Thumb Code     0  startup_stm32f10x_hd.o(.text)
    EXTI3_IRQHandler                         0x0800833b   Thumb Code     0  startup_stm32f10x_hd.o(.text)
    EXTI4_IRQHandler                         0x0800833b   Thumb Code     0  startup_stm32f10x_hd.o(.text)
    EXTI9_5_IRQHandler                       0x0800833b   Thumb Code     0  startup_stm32f10x_hd.o(.text)
    FLASH_IRQHandler                         0x0800833b   Thumb Code     0  startup_stm32f10x_hd.o(.text)
    FSMC_IRQHandler                          0x0800833b   Thumb Code     0  startup_stm32f10x_hd.o(.text)
    I2C1_ER_IRQHandler                       0x0800833b   Thumb Code     0  startup_stm32f10x_hd.o(.text)
    I2C1_EV_IRQHandler                       0x0800833b   Thumb Code     0  startup_stm32f10x_hd.o(.text)
    I2C2_ER_IRQHandler                       0x0800833b   Thumb Code     0  startup_stm32f10x_hd.o(.text)
    I2C2_EV_IRQHandler                       0x0800833b   Thumb Code     0  startup_stm32f10x_hd.o(.text)
    PVD_IRQHandler                           0x0800833b   Thumb Code     0  startup_stm32f10x_hd.o(.text)
    RCC_IRQHandler                           0x0800833b   Thumb Code     0  startup_stm32f10x_hd.o(.text)
    RTCAlarm_IRQHandler                      0x0800833b   Thumb Code     0  startup_stm32f10x_hd.o(.text)
    RTC_IRQHandler                           0x0800833b   Thumb Code     0  startup_stm32f10x_hd.o(.text)
    SDIO_IRQHandler                          0x0800833b   Thumb Code     0  startup_stm32f10x_hd.o(.text)
    SPI1_IRQHandler                          0x0800833b   Thumb Code     0  startup_stm32f10x_hd.o(.text)
    SPI2_IRQHandler                          0x0800833b   Thumb Code     0  startup_stm32f10x_hd.o(.text)
    SPI3_IRQHandler                          0x0800833b   Thumb Code     0  startup_stm32f10x_hd.o(.text)
    TAMPER_IRQHandler                        0x0800833b   Thumb Code     0  startup_stm32f10x_hd.o(.text)
    TIM1_BRK_IRQHandler                      0x0800833b   Thumb Code     0  startup_stm32f10x_hd.o(.text)
    TIM1_CC_IRQHandler                       0x0800833b   Thumb Code     0  startup_stm32f10x_hd.o(.text)
    TIM1_TRG_COM_IRQHandler                  0x0800833b   Thumb Code     0  startup_stm32f10x_hd.o(.text)
    TIM1_UP_IRQHandler                       0x0800833b   Thumb Code     0  startup_stm32f10x_hd.o(.text)
    TIM6_IRQHandler                          0x0800833b   Thumb Code     0  startup_stm32f10x_hd.o(.text)
    TIM7_IRQHandler                          0x0800833b   Thumb Code     0  startup_stm32f10x_hd.o(.text)
    TIM8_BRK_IRQHandler                      0x0800833b   Thumb Code     0  startup_stm32f10x_hd.o(.text)
    TIM8_CC_IRQHandler                       0x0800833b   Thumb Code     0  startup_stm32f10x_hd.o(.text)
    TIM8_TRG_COM_IRQHandler                  0x0800833b   Thumb Code     0  startup_stm32f10x_hd.o(.text)
    TIM8_UP_IRQHandler                       0x0800833b   Thumb Code     0  startup_stm32f10x_hd.o(.text)
    UART4_IRQHandler                         0x0800833b   Thumb Code     0  startup_stm32f10x_hd.o(.text)
    UART5_IRQHandler                         0x0800833b   Thumb Code     0  startup_stm32f10x_hd.o(.text)
    USART2_IRQHandler                        0x0800833b   Thumb Code     0  startup_stm32f10x_hd.o(.text)
    USART3_IRQHandler                        0x0800833b   Thumb Code     0  startup_stm32f10x_hd.o(.text)
    USBWakeUp_IRQHandler                     0x0800833b   Thumb Code     0  startup_stm32f10x_hd.o(.text)
    USB_HP_CAN1_TX_IRQHandler                0x0800833b   Thumb Code     0  startup_stm32f10x_hd.o(.text)
    USB_LP_CAN1_RX0_IRQHandler               0x0800833b   Thumb Code     0  startup_stm32f10x_hd.o(.text)
    WWDG_IRQHandler                          0x0800833b   Thumb Code     0  startup_stm32f10x_hd.o(.text)
    GPIO_DeInit                              0x08008345   Thumb Code   172  stm32f10x_gpio.o(.text)
    GPIO_AFIODeInit                          0x080083f1   Thumb Code    20  stm32f10x_gpio.o(.text)
    GPIO_Init                                0x08008405   Thumb Code   278  stm32f10x_gpio.o(.text)
    GPIO_StructInit                          0x0800851b   Thumb Code    16  stm32f10x_gpio.o(.text)
    GPIO_ReadInputDataBit                    0x0800852b   Thumb Code    18  stm32f10x_gpio.o(.text)
    GPIO_ReadInputData                       0x0800853d   Thumb Code     8  stm32f10x_gpio.o(.text)
    GPIO_ReadOutputDataBit                   0x08008545   Thumb Code    18  stm32f10x_gpio.o(.text)
    GPIO_ReadOutputData                      0x08008557   Thumb Code     8  stm32f10x_gpio.o(.text)
    GPIO_SetBits                             0x0800855f   Thumb Code     4  stm32f10x_gpio.o(.text)
    GPIO_ResetBits                           0x08008563   Thumb Code     4  stm32f10x_gpio.o(.text)
    GPIO_WriteBit                            0x08008567   Thumb Code    10  stm32f10x_gpio.o(.text)
    GPIO_Write                               0x08008571   Thumb Code     4  stm32f10x_gpio.o(.text)
    GPIO_PinLockConfig                       0x08008575   Thumb Code    18  stm32f10x_gpio.o(.text)
    GPIO_EventOutputConfig                   0x08008587   Thumb Code    26  stm32f10x_gpio.o(.text)
    GPIO_EventOutputCmd                      0x080085a1   Thumb Code     6  stm32f10x_gpio.o(.text)
    GPIO_PinRemapConfig                      0x080085a7   Thumb Code   138  stm32f10x_gpio.o(.text)
    GPIO_EXTILineConfig                      0x08008631   Thumb Code    66  stm32f10x_gpio.o(.text)
    GPIO_ETH_MediaInterfaceConfig            0x08008673   Thumb Code     8  stm32f10x_gpio.o(.text)
    RCC_DeInit                               0x080086a1   Thumb Code    64  stm32f10x_rcc.o(.text)
    RCC_HSEConfig                            0x080086e1   Thumb Code    70  stm32f10x_rcc.o(.text)
    RCC_GetFlagStatus                        0x08008727   Thumb Code    56  stm32f10x_rcc.o(.text)
    RCC_WaitForHSEStartUp                    0x0800875f   Thumb Code    56  stm32f10x_rcc.o(.text)
    RCC_AdjustHSICalibrationValue            0x08008797   Thumb Code    20  stm32f10x_rcc.o(.text)
    RCC_HSICmd                               0x080087ab   Thumb Code     6  stm32f10x_rcc.o(.text)
    RCC_PLLConfig                            0x080087b1   Thumb Code    24  stm32f10x_rcc.o(.text)
    RCC_PLLCmd                               0x080087c9   Thumb Code     6  stm32f10x_rcc.o(.text)
    RCC_SYSCLKConfig                         0x080087cf   Thumb Code    18  stm32f10x_rcc.o(.text)
    RCC_GetSYSCLKSource                      0x080087e1   Thumb Code    10  stm32f10x_rcc.o(.text)
    RCC_HCLKConfig                           0x080087eb   Thumb Code    18  stm32f10x_rcc.o(.text)
    RCC_PCLK1Config                          0x080087fd   Thumb Code    18  stm32f10x_rcc.o(.text)
    RCC_PCLK2Config                          0x0800880f   Thumb Code    20  stm32f10x_rcc.o(.text)
    RCC_ITConfig                             0x08008823   Thumb Code    26  stm32f10x_rcc.o(.text)
    RCC_USBCLKConfig                         0x0800883d   Thumb Code     8  stm32f10x_rcc.o(.text)
    RCC_ADCCLKConfig                         0x08008845   Thumb Code    18  stm32f10x_rcc.o(.text)
    RCC_LSEConfig                            0x08008857   Thumb Code    50  stm32f10x_rcc.o(.text)
    RCC_LSICmd                               0x08008889   Thumb Code     6  stm32f10x_rcc.o(.text)
    RCC_RTCCLKConfig                         0x0800888f   Thumb Code    12  stm32f10x_rcc.o(.text)
    RCC_RTCCLKCmd                            0x0800889b   Thumb Code     8  stm32f10x_rcc.o(.text)
    RCC_GetClocksFreq                        0x080088a3   Thumb Code   192  stm32f10x_rcc.o(.text)
    RCC_AHBPeriphClockCmd                    0x08008963   Thumb Code    26  stm32f10x_rcc.o(.text)
    RCC_APB2PeriphClockCmd                   0x0800897d   Thumb Code    26  stm32f10x_rcc.o(.text)
    RCC_APB1PeriphClockCmd                   0x08008997   Thumb Code    26  stm32f10x_rcc.o(.text)
    RCC_APB2PeriphResetCmd                   0x080089b1   Thumb Code    26  stm32f10x_rcc.o(.text)
    RCC_APB1PeriphResetCmd                   0x080089cb   Thumb Code    26  stm32f10x_rcc.o(.text)
    RCC_BackupResetCmd                       0x080089e5   Thumb Code     8  stm32f10x_rcc.o(.text)
    RCC_ClockSecuritySystemCmd               0x080089ed   Thumb Code     6  stm32f10x_rcc.o(.text)
    RCC_MCOConfig                            0x080089f3   Thumb Code     6  stm32f10x_rcc.o(.text)
    RCC_ClearFlag                            0x080089f9   Thumb Code    14  stm32f10x_rcc.o(.text)
    RCC_GetITStatus                          0x08008a07   Thumb Code    20  stm32f10x_rcc.o(.text)
    RCC_ClearITPendingBit                    0x08008a1b   Thumb Code     6  stm32f10x_rcc.o(.text)
    USART_DeInit                             0x08008a45   Thumb Code   134  stm32f10x_usart.o(.text)
    USART_Init                               0x08008acb   Thumb Code   210  stm32f10x_usart.o(.text)
    USART_StructInit                         0x08008b9d   Thumb Code    24  stm32f10x_usart.o(.text)
    USART_ClockInit                          0x08008bb5   Thumb Code    34  stm32f10x_usart.o(.text)
    USART_ClockStructInit                    0x08008bd7   Thumb Code    12  stm32f10x_usart.o(.text)
    USART_Cmd                                0x08008be3   Thumb Code    24  stm32f10x_usart.o(.text)
    USART_ITConfig                           0x08008bfb   Thumb Code    74  stm32f10x_usart.o(.text)
    USART_DMACmd                             0x08008c45   Thumb Code    18  stm32f10x_usart.o(.text)
    USART_SetAddress                         0x08008c57   Thumb Code    18  stm32f10x_usart.o(.text)
    USART_WakeUpConfig                       0x08008c69   Thumb Code    18  stm32f10x_usart.o(.text)
    USART_ReceiverWakeUpCmd                  0x08008c7b   Thumb Code    24  stm32f10x_usart.o(.text)
    USART_LINBreakDetectLengthConfig         0x08008c93   Thumb Code    18  stm32f10x_usart.o(.text)
    USART_LINCmd                             0x08008ca5   Thumb Code    24  stm32f10x_usart.o(.text)
    USART_SendData                           0x08008cbd   Thumb Code     8  stm32f10x_usart.o(.text)
    USART_ReceiveData                        0x08008cc5   Thumb Code    10  stm32f10x_usart.o(.text)
    USART_SendBreak                          0x08008ccf   Thumb Code    10  stm32f10x_usart.o(.text)
    USART_SetGuardTime                       0x08008cd9   Thumb Code    16  stm32f10x_usart.o(.text)
    USART_SetPrescaler                       0x08008ce9   Thumb Code    16  stm32f10x_usart.o(.text)
    USART_SmartCardCmd                       0x08008cf9   Thumb Code    24  stm32f10x_usart.o(.text)
    USART_SmartCardNACKCmd                   0x08008d11   Thumb Code    24  stm32f10x_usart.o(.text)
    USART_HalfDuplexCmd                      0x08008d29   Thumb Code    24  stm32f10x_usart.o(.text)
    USART_OverSampling8Cmd                   0x08008d41   Thumb Code    22  stm32f10x_usart.o(.text)
    USART_OneBitMethodCmd                    0x08008d57   Thumb Code    24  stm32f10x_usart.o(.text)
    USART_IrDAConfig                         0x08008d6f   Thumb Code    18  stm32f10x_usart.o(.text)
    USART_IrDACmd                            0x08008d81   Thumb Code    24  stm32f10x_usart.o(.text)
    USART_GetFlagStatus                      0x08008d99   Thumb Code    26  stm32f10x_usart.o(.text)
    USART_ClearFlag                          0x08008db3   Thumb Code    18  stm32f10x_usart.o(.text)
    USART_GetITStatus                        0x08008dc5   Thumb Code    84  stm32f10x_usart.o(.text)
    USART_ClearITPendingBit                  0x08008e19   Thumb Code    52  stm32f10x_usart.o(.text)
    NVIC_PriorityGroupConfig                 0x08008e4d   Thumb Code    10  misc.o(.text)
    NVIC_Init                                0x08008e57   Thumb Code   100  misc.o(.text)
    NVIC_SetVectorTable                      0x08008ebb   Thumb Code    14  misc.o(.text)
    NVIC_SystemLPConfig                      0x08008ec9   Thumb Code    34  misc.o(.text)
    SysTick_CLKSourceConfig                  0x08008eeb   Thumb Code    40  misc.o(.text)
    TIM_DeInit                               0x08008f29   Thumb Code   424  stm32f10x_tim.o(.text)
    TIM_TimeBaseInit                         0x080090d1   Thumb Code   122  stm32f10x_tim.o(.text)
    TIM_OC1Init                              0x0800914b   Thumb Code   132  stm32f10x_tim.o(.text)
    TIM_OC2Init                              0x080091cf   Thumb Code   154  stm32f10x_tim.o(.text)
    TIM_OC3Init                              0x08009269   Thumb Code   150  stm32f10x_tim.o(.text)
    TIM_OC4Init                              0x080092ff   Thumb Code   182  stm32f10x_tim.o(.text)
    TIM_SetIC4Prescaler                      0x080093b5   Thumb Code    26  stm32f10x_tim.o(.text)
    TIM_SetIC3Prescaler                      0x08009451   Thumb Code    18  stm32f10x_tim.o(.text)
    TIM_SetIC2Prescaler                      0x080094dd   Thumb Code    26  stm32f10x_tim.o(.text)
    TIM_SetIC1Prescaler                      0x08009579   Thumb Code    18  stm32f10x_tim.o(.text)
    TIM_ICInit                               0x080095f7   Thumb Code   150  stm32f10x_tim.o(.text)
    TIM_PWMIConfig                           0x0800968d   Thumb Code   124  stm32f10x_tim.o(.text)
    TIM_BDTRConfig                           0x08009709   Thumb Code    32  stm32f10x_tim.o(.text)
    TIM_TimeBaseStructInit                   0x08009729   Thumb Code    18  stm32f10x_tim.o(.text)
    TIM_OCStructInit                         0x0800973b   Thumb Code    20  stm32f10x_tim.o(.text)
    TIM_ICStructInit                         0x0800974f   Thumb Code    18  stm32f10x_tim.o(.text)
    TIM_BDTRStructInit                       0x08009761   Thumb Code    40  stm32f10x_tim.o(.text)
    TIM_Cmd                                  0x08009789   Thumb Code    24  stm32f10x_tim.o(.text)
    TIM_CtrlPWMOutputs                       0x080097a1   Thumb Code    30  stm32f10x_tim.o(.text)
    TIM_ITConfig                             0x080097bf   Thumb Code    18  stm32f10x_tim.o(.text)
    TIM_GenerateEvent                        0x080097d1   Thumb Code     4  stm32f10x_tim.o(.text)
    TIM_DMAConfig                            0x080097d5   Thumb Code    10  stm32f10x_tim.o(.text)
    TIM_DMACmd                               0x080097df   Thumb Code    18  stm32f10x_tim.o(.text)
    TIM_InternalClockConfig                  0x080097f1   Thumb Code    12  stm32f10x_tim.o(.text)
    TIM_SelectInputTrigger                   0x080097fd   Thumb Code    18  stm32f10x_tim.o(.text)
    TIM_ITRxExternalClockConfig              0x0800980f   Thumb Code    24  stm32f10x_tim.o(.text)
    TIM_TIxExternalClockConfig               0x08009827   Thumb Code    62  stm32f10x_tim.o(.text)
    TIM_ETRConfig                            0x08009865   Thumb Code    28  stm32f10x_tim.o(.text)
    TIM_ETRClockMode1Config                  0x08009881   Thumb Code    54  stm32f10x_tim.o(.text)
    TIM_ETRClockMode2Config                  0x080098b7   Thumb Code    32  stm32f10x_tim.o(.text)
    TIM_PrescalerConfig                      0x080098d7   Thumb Code     6  stm32f10x_tim.o(.text)
    TIM_CounterModeConfig                    0x080098dd   Thumb Code    18  stm32f10x_tim.o(.text)
    TIM_EncoderInterfaceConfig               0x080098ef   Thumb Code    66  stm32f10x_tim.o(.text)
    TIM_ForcedOC1Config                      0x08009931   Thumb Code    18  stm32f10x_tim.o(.text)
    TIM_ForcedOC2Config                      0x08009943   Thumb Code    26  stm32f10x_tim.o(.text)
    TIM_ForcedOC3Config                      0x0800995d   Thumb Code    18  stm32f10x_tim.o(.text)
    TIM_ForcedOC4Config                      0x0800996f   Thumb Code    26  stm32f10x_tim.o(.text)
    TIM_ARRPreloadConfig                     0x08009989   Thumb Code    24  stm32f10x_tim.o(.text)
    TIM_SelectCOM                            0x080099a1   Thumb Code    24  stm32f10x_tim.o(.text)
    TIM_SelectCCDMA                          0x080099b9   Thumb Code    24  stm32f10x_tim.o(.text)
    TIM_CCPreloadControl                     0x080099d1   Thumb Code    24  stm32f10x_tim.o(.text)
    TIM_OC1PreloadConfig                     0x080099e9   Thumb Code    18  stm32f10x_tim.o(.text)
    TIM_OC2PreloadConfig                     0x080099fb   Thumb Code    26  stm32f10x_tim.o(.text)
    TIM_OC3PreloadConfig                     0x08009a15   Thumb Code    18  stm32f10x_tim.o(.text)
    TIM_OC4PreloadConfig                     0x08009a27   Thumb Code    26  stm32f10x_tim.o(.text)
    TIM_OC1FastConfig                        0x08009a41   Thumb Code    18  stm32f10x_tim.o(.text)
    TIM_OC2FastConfig                        0x08009a53   Thumb Code    26  stm32f10x_tim.o(.text)
    TIM_OC3FastConfig                        0x08009a6d   Thumb Code    18  stm32f10x_tim.o(.text)
    TIM_OC4FastConfig                        0x08009a7f   Thumb Code    26  stm32f10x_tim.o(.text)
    TIM_ClearOC1Ref                          0x08009a99   Thumb Code    18  stm32f10x_tim.o(.text)
    TIM_ClearOC2Ref                          0x08009aab   Thumb Code    24  stm32f10x_tim.o(.text)
    TIM_ClearOC3Ref                          0x08009ac3   Thumb Code    18  stm32f10x_tim.o(.text)
    TIM_ClearOC4Ref                          0x08009ad5   Thumb Code    24  stm32f10x_tim.o(.text)
    TIM_OC1PolarityConfig                    0x08009aed   Thumb Code    18  stm32f10x_tim.o(.text)
    TIM_OC1NPolarityConfig                   0x08009aff   Thumb Code    18  stm32f10x_tim.o(.text)
    TIM_OC2PolarityConfig                    0x08009b11   Thumb Code    26  stm32f10x_tim.o(.text)
    TIM_OC2NPolarityConfig                   0x08009b2b   Thumb Code    26  stm32f10x_tim.o(.text)
    TIM_OC3PolarityConfig                    0x08009b45   Thumb Code    26  stm32f10x_tim.o(.text)
    TIM_OC3NPolarityConfig                   0x08009b5f   Thumb Code    26  stm32f10x_tim.o(.text)
    TIM_OC4PolarityConfig                    0x08009b79   Thumb Code    26  stm32f10x_tim.o(.text)
    TIM_CCxCmd                               0x08009b93   Thumb Code    30  stm32f10x_tim.o(.text)
    TIM_CCxNCmd                              0x08009bb1   Thumb Code    30  stm32f10x_tim.o(.text)
    TIM_SelectOCxM                           0x08009bcf   Thumb Code    82  stm32f10x_tim.o(.text)
    TIM_UpdateDisableConfig                  0x08009c21   Thumb Code    24  stm32f10x_tim.o(.text)
    TIM_UpdateRequestConfig                  0x08009c39   Thumb Code    24  stm32f10x_tim.o(.text)
    TIM_SelectHallSensor                     0x08009c51   Thumb Code    24  stm32f10x_tim.o(.text)
    TIM_SelectOnePulseMode                   0x08009c69   Thumb Code    18  stm32f10x_tim.o(.text)
    TIM_SelectOutputTrigger                  0x08009c7b   Thumb Code    18  stm32f10x_tim.o(.text)
    TIM_SelectSlaveMode                      0x08009c8d   Thumb Code    18  stm32f10x_tim.o(.text)
    TIM_SelectMasterSlaveMode                0x08009c9f   Thumb Code    18  stm32f10x_tim.o(.text)
    TIM_SetCounter                           0x08009cb1   Thumb Code     4  stm32f10x_tim.o(.text)
    TIM_SetAutoreload                        0x08009cb5   Thumb Code     4  stm32f10x_tim.o(.text)
    TIM_SetCompare1                          0x08009cb9   Thumb Code     4  stm32f10x_tim.o(.text)
    TIM_SetCompare2                          0x08009cbd   Thumb Code     4  stm32f10x_tim.o(.text)
    TIM_SetCompare3                          0x08009cc1   Thumb Code     4  stm32f10x_tim.o(.text)
    TIM_SetCompare4                          0x08009cc5   Thumb Code     6  stm32f10x_tim.o(.text)
    TIM_SetClockDivision                     0x08009ccb   Thumb Code    18  stm32f10x_tim.o(.text)
    TIM_GetCapture1                          0x08009cdd   Thumb Code     6  stm32f10x_tim.o(.text)
    TIM_GetCapture2                          0x08009ce3   Thumb Code     6  stm32f10x_tim.o(.text)
    TIM_GetCapture3                          0x08009ce9   Thumb Code     6  stm32f10x_tim.o(.text)
    TIM_GetCapture4                          0x08009cef   Thumb Code     8  stm32f10x_tim.o(.text)
    TIM_GetCounter                           0x08009cf7   Thumb Code     6  stm32f10x_tim.o(.text)
    TIM_GetPrescaler                         0x08009cfd   Thumb Code     6  stm32f10x_tim.o(.text)
    TIM_GetFlagStatus                        0x08009d03   Thumb Code    18  stm32f10x_tim.o(.text)
    TIM_ClearFlag                            0x08009d15   Thumb Code     6  stm32f10x_tim.o(.text)
    TIM_GetITStatus                          0x08009d1b   Thumb Code    34  stm32f10x_tim.o(.text)
    TIM_ClearITPendingBit                    0x08009d3d   Thumb Code     6  stm32f10x_tim.o(.text)
    FSMC_NORSRAMDeInit                       0x08009d45   Thumb Code    54  stm32f10x_fsmc.o(.text)
    FSMC_NANDDeInit                          0x08009d7b   Thumb Code    62  stm32f10x_fsmc.o(.text)
    FSMC_PCCARDDeInit                        0x08009db9   Thumb Code    36  stm32f10x_fsmc.o(.text)
    FSMC_NORSRAMInit                         0x08009ddd   Thumb Code   230  stm32f10x_fsmc.o(.text)
    FSMC_NANDInit                            0x08009ec3   Thumb Code   132  stm32f10x_fsmc.o(.text)
    FSMC_PCCARDInit                          0x08009f47   Thumb Code   130  stm32f10x_fsmc.o(.text)
    FSMC_NORSRAMStructInit                   0x08009fc9   Thumb Code   114  stm32f10x_fsmc.o(.text)
    FSMC_NANDStructInit                      0x0800a03b   Thumb Code    54  stm32f10x_fsmc.o(.text)
    FSMC_PCCARDStructInit                    0x0800a071   Thumb Code    60  stm32f10x_fsmc.o(.text)
    FSMC_NORSRAMCmd                          0x0800a0ad   Thumb Code    46  stm32f10x_fsmc.o(.text)
    FSMC_NANDCmd                             0x0800a0db   Thumb Code    86  stm32f10x_fsmc.o(.text)
    FSMC_PCCARDCmd                           0x0800a131   Thumb Code    44  stm32f10x_fsmc.o(.text)
    FSMC_NANDECCCmd                          0x0800a15d   Thumb Code    90  stm32f10x_fsmc.o(.text)
    FSMC_GetECC                              0x0800a1b7   Thumb Code    24  stm32f10x_fsmc.o(.text)
    FSMC_ITConfig                            0x0800a1cf   Thumb Code   128  stm32f10x_fsmc.o(.text)
    FSMC_GetFlagStatus                       0x0800a24f   Thumb Code    54  stm32f10x_fsmc.o(.text)
    FSMC_ClearFlag                           0x0800a285   Thumb Code    62  stm32f10x_fsmc.o(.text)
    FSMC_GetITStatus                         0x0800a2c3   Thumb Code    64  stm32f10x_fsmc.o(.text)
    FSMC_ClearITPendingBit                   0x0800a303   Thumb Code    68  stm32f10x_fsmc.o(.text)
    SPI_I2S_DeInit                           0x0800a351   Thumb Code    76  stm32f10x_spi.o(.text)
    SPI_Init                                 0x0800a39d   Thumb Code    60  stm32f10x_spi.o(.text)
    I2S_Init                                 0x0800a3d9   Thumb Code   226  stm32f10x_spi.o(.text)
    SPI_StructInit                           0x0800a4bb   Thumb Code    24  stm32f10x_spi.o(.text)
    I2S_StructInit                           0x0800a4d3   Thumb Code    20  stm32f10x_spi.o(.text)
    SPI_Cmd                                  0x0800a4e7   Thumb Code    24  stm32f10x_spi.o(.text)
    I2S_Cmd                                  0x0800a4ff   Thumb Code    24  stm32f10x_spi.o(.text)
    SPI_I2S_ITConfig                         0x0800a517   Thumb Code    32  stm32f10x_spi.o(.text)
    SPI_I2S_DMACmd                           0x0800a537   Thumb Code    18  stm32f10x_spi.o(.text)
    SPI_I2S_SendData                         0x0800a549   Thumb Code     4  stm32f10x_spi.o(.text)
    SPI_I2S_ReceiveData                      0x0800a54d   Thumb Code     6  stm32f10x_spi.o(.text)
    SPI_NSSInternalSoftwareConfig            0x0800a553   Thumb Code    30  stm32f10x_spi.o(.text)
    SPI_SSOutputCmd                          0x0800a571   Thumb Code    24  stm32f10x_spi.o(.text)
    SPI_DataSizeConfig                       0x0800a589   Thumb Code    18  stm32f10x_spi.o(.text)
    SPI_TransmitCRC                          0x0800a59b   Thumb Code    10  stm32f10x_spi.o(.text)
    SPI_CalculateCRC                         0x0800a5a5   Thumb Code    24  stm32f10x_spi.o(.text)
    SPI_GetCRC                               0x0800a5bd   Thumb Code    16  stm32f10x_spi.o(.text)
    SPI_GetCRCPolynomial                     0x0800a5cd   Thumb Code     6  stm32f10x_spi.o(.text)
    SPI_BiDirectionalLineConfig              0x0800a5d3   Thumb Code    28  stm32f10x_spi.o(.text)
    SPI_I2S_GetFlagStatus                    0x0800a5ef   Thumb Code    18  stm32f10x_spi.o(.text)
    SPI_I2S_ClearFlag                        0x0800a601   Thumb Code     6  stm32f10x_spi.o(.text)
    SPI_I2S_GetITStatus                      0x0800a607   Thumb Code    52  stm32f10x_spi.o(.text)
    SPI_I2S_ClearITPendingBit                0x0800a63b   Thumb Code    20  stm32f10x_spi.o(.text)
    IWDG_WriteAccessCmd                      0x0800a65d   Thumb Code     6  stm32f10x_iwdg.o(.text)
    IWDG_SetPrescaler                        0x0800a663   Thumb Code     6  stm32f10x_iwdg.o(.text)
    IWDG_SetReload                           0x0800a669   Thumb Code     6  stm32f10x_iwdg.o(.text)
    IWDG_ReloadCounter                       0x0800a66f   Thumb Code    10  stm32f10x_iwdg.o(.text)
    IWDG_Enable                              0x0800a679   Thumb Code    10  stm32f10x_iwdg.o(.text)
    IWDG_GetFlagStatus                       0x0800a683   Thumb Code    20  stm32f10x_iwdg.o(.text)
    SystemInit                               0x0800a77b   Thumb Code    78  system_stm32f10x.o(.text)
    SystemCoreClockUpdate                    0x0800a7c9   Thumb Code   142  system_stm32f10x.o(.text)
    __scatterload                            0x0800a87d   Thumb Code    28  init.o(.text)
    __scatterload_rt2                        0x0800a87d   Thumb Code     0  init.o(.text)
    __decompress                             0x0800a8a1   Thumb Code     0  __dczerorl2.o(.text)
    __decompress1                            0x0800a8a1   Thumb Code    86  __dczerorl2.o(.text)
    __scatterload_copy                       0x0800a8f7   Thumb Code    14  handlers.o(i.__scatterload_copy)
    __scatterload_null                       0x0800a905   Thumb Code     2  handlers.o(i.__scatterload_null)
    __scatterload_zeroinit                   0x0800a907   Thumb Code    14  handlers.o(i.__scatterload_zeroinit)
    TX_ADDRESS                               0x0800a914   Data           5  24l01.o(.constdata)
    RX_ADDRESS                               0x0800a919   Data           5  24l01.o(.constdata)
    asc2_1206                                0x0800a91e   Data        1140  lcd.o(.constdata)
    asc2_1608                                0x0800ad92   Data        1520  lcd.o(.constdata)
    F16x16                                   0x0800b382   Data        1024  oled.o(.constdata)
    F6x8                                     0x0800b782   Data         552  oled.o(.constdata)
    F8X16                                    0x0800b9aa   Data        1520  oled.o(.constdata)
    BMP1                                     0x0800bf9a   Data        1024  oled.o(.constdata)
    F14x16_Idx                               0x0800c39a   Data          15  oled.o(.constdata)
    F14x16                                   0x0800c3a9   Data         196  oled.o(.constdata)
    Region$$Table$$Base                      0x0800c470   Number         0  anon$$obj.o(Region$$Table)
    Region$$Table$$Limit                     0x0800c490   Number         0  anon$$obj.o(Region$$Table)
    date                                     0x20000000   Data           3  main.o(.data)
    a                                        0x20000004   Data           4  systick.o(.data)
    i                                        0x2000000c   Data           1  stm32f10x_it.o(.data)
    ms                                       0x20000010   Data           4  stm32f10x_it.o(.data)
    s                                        0x20000014   Data           4  stm32f10x_it.o(.data)
    svalue                                   0x20000018   Data          72  gpio.o(.data)
    num1                                     0x20000060   Data           1  gpio.o(.data)
    num2                                     0x20000061   Data           1  gpio.o(.data)
    num3                                     0x20000062   Data           1  gpio.o(.data)
    count1                                   0x20000063   Data           1  gpio.o(.data)
    count2                                   0x20000064   Data           1  gpio.o(.data)
    count3                                   0x20000065   Data           1  gpio.o(.data)
    sflag                                    0x20000066   Data           1  gpio.o(.data)
    sflag1                                   0x20000067   Data           1  gpio.o(.data)
    sflag2                                   0x20000068   Data           1  gpio.o(.data)
    sflag3                                   0x20000069   Data           1  gpio.o(.data)
    flag                                     0x2000006a   Data           1  gpio.o(.data)
    fflag                                    0x2000006b   Data           1  gpio.o(.data)
    dflag                                    0x2000006c   Data           1  gpio.o(.data)
    lflag                                    0x2000006d   Data           1  gpio.o(.data)
    rflag                                    0x2000006e   Data           1  gpio.o(.data)
    xflag                                    0x2000006f   Data           1  gpio.o(.data)
    yflag                                    0x20000070   Data           1  gpio.o(.data)
    PWM                                      0x20000074   Data          96  gpio.o(.data)
    CPWM                                     0x200000d4   Data          96  gpio.o(.data)
    LPWM                                     0x20000134   Data          96  gpio.o(.data)
    POINT_COLOR                              0x20000194   Data           2  lcd.o(.data)
    BACK_COLOR                               0x20000196   Data           2  lcd.o(.data)
    SystemCoreClock                          0x200001ac   Data           4  system_stm32f10x.o(.data)
    AHBPrescTable                            0x200001b0   Data          16  system_stm32f10x.o(.data)
    sdate                                    0x200001c0   Data          96  gpio.o(.bss)
    lcddev                                   0x20000220   Data          14  lcd.o(.bss)
    __initial_sp                             0x20000630   Data           0  startup_stm32f10x_hd.o(STACK)



==============================================================================

Memory Map of the image

  Image Entry point : 0x08000131

  Load Region LR_IROM1 (Base: 0x08000000, Size: 0x0000c650, Max: 0x00080000, ABSOLUTE, COMPRESSED[0x0000c4cc])

    Execution Region ER_IROM1 (Base: 0x08000000, Size: 0x0000c490, Max: 0x00080000, ABSOLUTE)

    Base Addr    Size         Type   Attr      Idx    E Section Name        Object

    0x08000000   0x00000130   Data   RO          301    RESET               startup_stm32f10x_hd.o
    0x08000130   0x00000000   Code   RO          457  * .ARM.Collect$$$$00000000  mc_w.l(entry.o)
    0x08000130   0x00000004   Code   RO          470    .ARM.Collect$$$$00000001  mc_w.l(entry2.o)
    0x08000134   0x00000004   Code   RO          473    .ARM.Collect$$$$00000004  mc_w.l(entry5.o)
    0x08000138   0x00000000   Code   RO          475    .ARM.Collect$$$$00000008  mc_w.l(entry7b.o)
    0x08000138   0x00000000   Code   RO          477    .ARM.Collect$$$$0000000A  mc_w.l(entry8b.o)
    0x08000138   0x00000008   Code   RO          478    .ARM.Collect$$$$0000000B  mc_w.l(entry9a.o)
    0x08000140   0x00000000   Code   RO          480    .ARM.Collect$$$$0000000D  mc_w.l(entry10a.o)
    0x08000140   0x00000000   Code   RO          482    .ARM.Collect$$$$0000000F  mc_w.l(entry11a.o)
    0x08000140   0x00000004   Code   RO          471    .ARM.Collect$$$$00002712  mc_w.l(entry2.o)
    0x08000144   0x000001d0   Code   RO            1    .text               main.o
    0x08000314   0x000000f8   Code   RO          112    .text               systick.o
    0x0800040c   0x000000e8   Code   RO          131    .text               stm32f10x_it.o
    0x080004f4   0x00000248   Code   RO          151    .text               timer_count.o
    0x0800073c   0x000027d8   Code   RO          181    .text               gpio.o
    0x08002f14   0x00000334   Code   RO          216    .text               24l01.o
    0x08003248   0x00004806   Code   RO          234    .text               lcd.o
    0x08007a4e   0x00000002   PAD
    0x08007a50   0x0000079c   Code   RO          257    .text               oled.o
    0x080081ec   0x00000108   Code   RO          275    .text               spi.o
    0x080082f4   0x0000002c   Code   RO          287    .text               sys.o
    0x08008320   0x00000024   Code   RO          302    .text               startup_stm32f10x_hd.o
    0x08008344   0x0000035c   Code   RO          307    .text               stm32f10x_gpio.o
    0x080086a0   0x000003a4   Code   RO          319    .text               stm32f10x_rcc.o
    0x08008a44   0x00000408   Code   RO          333    .text               stm32f10x_usart.o
    0x08008e4c   0x000000dc   Code   RO          345    .text               misc.o
    0x08008f28   0x00000e1a   Code   RO          357    .text               stm32f10x_tim.o
    0x08009d42   0x00000002   PAD
    0x08009d44   0x0000060c   Code   RO          393    .text               stm32f10x_fsmc.o
    0x0800a350   0x0000030c   Code   RO          405    .text               stm32f10x_spi.o
    0x0800a65c   0x00000040   Code   RO          417    .text               stm32f10x_iwdg.o
    0x0800a69c   0x000001e0   Code   RO          439    .text               system_stm32f10x.o
    0x0800a87c   0x00000024   Code   RO          489    .text               mc_w.l(init.o)
    0x0800a8a0   0x00000056   Code   RO          503    .text               mc_w.l(__dczerorl2.o)
    0x0800a8f6   0x0000000e   Code   RO          497    i.__scatterload_copy  mc_w.l(handlers.o)
    0x0800a904   0x00000002   Code   RO          498    i.__scatterload_null  mc_w.l(handlers.o)
    0x0800a906   0x0000000e   Code   RO          499    i.__scatterload_zeroinit  mc_w.l(handlers.o)
    0x0800a914   0x0000000a   Data   RO          217    .constdata          24l01.o
    0x0800a91e   0x00000a64   Data   RO          236    .constdata          lcd.o
    0x0800b382   0x000010eb   Data   RO          258    .constdata          oled.o
    0x0800c46d   0x00000003   PAD
    0x0800c470   0x00000020   Data   RO          495    Region$$Table       anon$$obj.o


    Execution Region RW_IRAM1 (Base: 0x20000000, Size: 0x00000630, Max: 0x00010000, ABSOLUTE, COMPRESSED[0x0000003c])

    Base Addr    Size         Type   Attr      Idx    E Section Name        Object

    0x20000000   0x00000003   Data   RW            2    .data               main.o
    0x20000003   0x00000001   PAD
    0x20000004   0x00000008   Data   RW          113    .data               systick.o
    0x2000000c   0x0000000c   Data   RW          132    .data               stm32f10x_it.o
    0x20000018   0x0000017c   Data   RW          183    .data               gpio.o
    0x20000194   0x00000004   Data   RW          237    .data               lcd.o
    0x20000198   0x00000014   Data   RW          320    .data               stm32f10x_rcc.o
    0x200001ac   0x00000014   Data   RW          440    .data               system_stm32f10x.o
    0x200001c0   0x00000060   Zero   RW          182    .bss                gpio.o
    0x20000220   0x0000000e   Zero   RW          235    .bss                lcd.o
    0x2000022e   0x00000002   PAD
    0x20000230   0x00000400   Zero   RW          299    STACK               startup_stm32f10x_hd.o


==============================================================================

Image component sizes


      Code (inc. data)   RO Data    RW Data    ZI Data      Debug   Object Name

       820         40         10          0          0       3571   24l01.o
     10200        362          0        380         96       8862   gpio.o
     18438        126       2660          4         14      21731   lcd.o
       464        128          0          3          0     268914   main.o
       220         22          0          0          0       1773   misc.o
      1948         86       4331          0          0       6097   oled.o
       264         10          0          0          0       1077   spi.o
        36          8        304          0       1024        828   startup_stm32f10x_hd.o
      1548         18          0          0          0       5323   stm32f10x_fsmc.o
       860         38          0          0          0       5621   stm32f10x_gpio.o
       232         30          0         12          0       2237   stm32f10x_it.o
        64          6          0          0          0       1261   stm32f10x_iwdg.o
       932         36          0         20          0       8796   stm32f10x_rcc.o
       780         14          0          0          0       6502   stm32f10x_spi.o
      3610         88          0          0          0      22108   stm32f10x_tim.o
      1032         22          0          0          0       8344   stm32f10x_usart.o
        44          0          0          0          0        622   sys.o
       480         38          0         20          0       1827   system_stm32f10x.o
       248         22          0          8          0      16746   systick.o
       584         12          0          0          0       2248   timer_count.o

    ----------------------------------------------------------------------
     42808       1106       7340        448       1136     394488   Object Totals
         0          0         32          0          0          0   (incl. Generated)
         4          0          3          1          2          0   (incl. Padding)

    ----------------------------------------------------------------------

      Code (inc. data)   RO Data    RW Data    ZI Data      Debug   Library Member Name

        86          0          0          0          0          0   __dczerorl2.o
         0          0          0          0          0          0   entry.o
         0          0          0          0          0          0   entry10a.o
         0          0          0          0          0          0   entry11a.o
         8          4          0          0          0          0   entry2.o
         4          0          0          0          0          0   entry5.o
         0          0          0          0          0          0   entry7b.o
         0          0          0          0          0          0   entry8b.o
         8          4          0          0          0          0   entry9a.o
        30          0          0          0          0          0   handlers.o
        36          8          0          0          0         68   init.o

    ----------------------------------------------------------------------
       172         16          0          0          0         68   Library Totals
         0          0          0          0          0          0   (incl. Padding)

    ----------------------------------------------------------------------

      Code (inc. data)   RO Data    RW Data    ZI Data      Debug   Library Name

       172         16          0          0          0         68   mc_w.l

    ----------------------------------------------------------------------
       172         16          0          0          0         68   Library Totals

    ----------------------------------------------------------------------

==============================================================================


      Code (inc. data)   RO Data    RW Data    ZI Data      Debug   

     42980       1122       7340        448       1136     392864   Grand Totals
     42980       1122       7340         60       1136     392864   ELF Image Totals (compressed)
     42980       1122       7340         60          0          0   ROM Totals

==============================================================================

    Total RO  Size (Code + RO Data)                50320 (  49.14kB)
    Total RW  Size (RW Data + ZI Data)              1584 (   1.55kB)
    Total ROM Size (Code + RO Data + RW Data)      50380 (  49.20kB)

==============================================================================

